22-Sep-2026 22:43:11.607 INFO [main] org.apache.catalina.startup.VersionLoggerListener.log Server version name:   Apache Tomcat/11.0.25
22-Sep-2026 22:43:11.609 INFO [main] org.apache.catalina.startup.VersionLoggerListener.log Server built:          Aug 12 2026 12:46:04 UTC
22-Sep-2026 22:43:11.609 INFO [main] org.apache.catalina.startup.VersionLoggerListener.log Server version number: 11.0.25.0
22-Sep-2026 22:43:11.609 INFO [main] org.apache.catalina.startup.VersionLoggerListener.log OS Name:               Windows 11
22-Sep-2026 22:43:11.609 INFO [main] org.apache.catalina.startup.VersionLoggerListener.log OS Version:            10.0
22-Sep-2026 22:43:11.609 INFO [main] org.apache.catalina.startup.VersionLoggerListener.log Architecture:          amd64
22-Sep-2026 22:43:11.609 INFO [main] org.apache.catalina.startup.VersionLoggerListener.log Java Home:             C:\Program Files\Java\latest\jdk-26
22-Sep-2026 22:43:11.610 INFO [main] org.apache.catalina.startup.VersionLoggerListener.log JVM Version:           26.0.2+10-55
22-Sep-2026 22:43:11.610 INFO [main] org.apache.catalina.startup.VersionLoggerListener.log JVM Vendor:            Oracle Corporation
22-Sep-2026 22:43:11.610 INFO [main] org.apache.catalina.startup.VersionLoggerListener.log CATALINA_BASE:         C:\Users\anike\Downloads\AJL\Experiment 6\apache-tomcat-11.0.25
22-Sep-2026 22:43:11.610 INFO [main] org.apache.catalina.startup.VersionLoggerListener.log CATALINA_HOME:         C:\Users\anike\Downloads\AJL\Experiment 6\apache-tomcat-11.0.25
22-Sep-2026 22:43:11.665 INFO [main] org.apache.catalina.startup.VersionLoggerListener.log Command line argument: -Djava.util.logging.config.file=C:\Users\anike\Downloads\AJL\Experiment 6\apache-tomcat-11.0.25\conf\logging.properties
22-Sep-2026 22:43:11.666 INFO [main] org.apache.catalina.startup.VersionLoggerListener.log Command line argument: -Djava.util.logging.manager=org.apache.juli.ClassLoaderLogManager
22-Sep-2026 22:43:11.666 INFO [main] org.apache.catalina.startup.VersionLoggerListener.log Command line argument: -Djdk.tls.ephemeralDHKeySize=2048
22-Sep-2026 22:43:11.666 INFO [main] org.apache.catalina.startup.VersionLoggerListener.log Command line argument: --add-opens=java.base/java.lang=ALL-UNNAMED
22-Sep-2026 22:43:11.666 INFO [main] org.apache.catalina.startup.VersionLoggerListener.log Command line argument: --add-opens=java.base/java.lang.reflect=ALL-UNNAMED
22-Sep-2026 22:43:11.666 INFO [main] org.apache.catalina.startup.VersionLoggerListener.log Command line argument: --add-opens=java.base/java.io=ALL-UNNAMED
22-Sep-2026 22:43:11.666 INFO [main] org.apache.catalina.startup.VersionLoggerListener.log Command line argument: --add-opens=java.base/java.util=ALL-UNNAMED
22-Sep-2026 22:43:11.667 INFO [main] org.apache.catalina.startup.VersionLoggerListener.log Command line argument: --add-opens=java.base/java.util.concurrent=ALL-UNNAMED
22-Sep-2026 22:43:11.667 INFO [main] org.apache.catalina.startup.VersionLoggerListener.log Command line argument: --add-opens=java.rmi/sun.rmi.transport=ALL-UNNAMED
22-Sep-2026 22:43:11.667 INFO [main] org.apache.catalina.startup.VersionLoggerListener.log Command line argument: --enable-native-access=ALL-UNNAMED
22-Sep-2026 22:43:11.667 INFO [main] org.apache.catalina.startup.VersionLoggerListener.log Command line argument: -Dcatalina.base=C:\Users\anike\Downloads\AJL\Experiment 6\apache-tomcat-11.0.25
22-Sep-2026 22:43:11.667 INFO [main] org.apache.catalina.startup.VersionLoggerListener.log Command line argument: -Dcatalina.home=C:\Users\anike\Downloads\AJL\Experiment 6\apache-tomcat-11.0.25
22-Sep-2026 22:43:11.667 INFO [main] org.apache.catalina.startup.VersionLoggerListener.log Command line argument: -Djava.io.tmpdir=C:\Users\anike\Downloads\AJL\Experiment 6\apache-tomcat-11.0.25\temp
22-Sep-2026 22:43:11.675 INFO [main] org.apache.catalina.core.AprLifecycleListener.lifecycleEvent The Apache Tomcat Native library which allows using OpenSSL was not found on the java.library.path: [C:\Program Files\Java\latest\jdk-26\bin;C:\WINDOWS\Sun\Java\bin;C:\WINDOWS\system32;C:\WINDOWS;C:\Program Files\Common Files\Oracle\Java\javapath;C:\Windows\system32;C:\Windows;C:\Windows\System32\Wbem;C:\Windows\System32\WindowsPowerShell\v1.0\;C:\Windows\System32\OpenSSH\;C:\Program Files\dotnet\;C:\Program Files (x86)\NVIDIA Corporation\PhysX\Common;a:\cursor\resources\app\bin;C:\Program Files\nodejs\;C:\WINDOWS\system32;C:\WINDOWS;C:\WINDOWS\System32\Wbem;C:\WINDOWS\System32\WindowsPowerShell\v1.0\;C:\WINDOWS\System32\OpenSSH\;C:\ProgramData\chocolatey\bin;C:\Program Files\NVIDIA Corporation\NVIDIA App\NvDLISR;C:\Program Files\Git\cmd;C:\Program Files\Java\jdk-24\bin;A:\Setups\flutter\bin;C:\Program Files\GitHub CLI\;C:\ProgramData\chocolatey\lib\maven\apache-maven-3.9.16\bin;C:\Users\anike\AppData\Local\agy\bin;C:\Program Files\MySQL\MySQL Shell 8.0\bin\;C:\Users\anike\.grok\bin;C:\Users\anike\.cargo\bin;C:\Users\anike\AppData\Local\Programs\Python\Python313\Scripts\;C:\Users\anike\AppData\Local\Programs\Python\Python313\;C:\Users\anike\AppData\Local\Microsoft\WindowsApps;C:\Users\anike\AppData\Local\Programs\Microsoft VS Code\bin;C:\Users\anike\AppData\Roaming\npm;C:\MinGW\bin;C:\Users\anike\AppData\Local\Programs\Antigravity\bin;A:\Setups\Antigravity IDE\bin;C:\Users\anike\.bun\bin;A:\Setups\flutter\bin;A:\Setups\JDK\bin;C:\Users\anike\AppData\Local\Programs\MovieBox-Tui\bin;.]
22-Sep-2026 22:43:11.910 INFO [main] org.apache.coyote.AbstractProtocol.init Initializing ProtocolHandler ["http-nio-8080"]
22-Sep-2026 22:43:11.927 INFO [main] org.apache.catalina.startup.Catalina.load Server initialization in [517] milliseconds
22-Sep-2026 22:43:11.979 INFO [main] org.apache.catalina.core.StandardService.startInternal Starting service [Catalina]
22-Sep-2026 22:43:11.979 INFO [main] org.apache.catalina.core.StandardEngine.startInternal Starting Servlet engine: [Apache Tomcat/11.0.25]
22-Sep-2026 22:43:11.989 INFO [main] org.apache.catalina.startup.HostConfig.deployDirectory Deploying web application directory [C:\Users\anike\Downloads\AJL\Experiment 6\apache-tomcat-11.0.25\webapps\docs]
22-Sep-2026 22:43:12.278 INFO [main] org.apache.catalina.startup.HostConfig.deployDirectory Deployment of web application directory [C:\Users\anike\Downloads\AJL\Experiment 6\apache-tomcat-11.0.25\webapps\docs] has finished in [287] ms
22-Sep-2026 22:43:12.279 INFO [main] org.apache.catalina.startup.HostConfig.deployDirectory Deploying web application directory [C:\Users\anike\Downloads\AJL\Experiment 6\apache-tomcat-11.0.25\webapps\examples]
22-Sep-2026 22:43:13.857 INFO [main] org.apache.catalina.startup.HostConfig.deployDirectory Deployment of web application directory [C:\Users\anike\Downloads\AJL\Experiment 6\apache-tomcat-11.0.25\webapps\examples] has finished in [1,578] ms
22-Sep-2026 22:43:13.857 INFO [main] org.apache.catalina.startup.HostConfig.deployDirectory Deploying web application directory [C:\Users\anike\Downloads\AJL\Experiment 6\apache-tomcat-11.0.25\webapps\host-manager]
22-Sep-2026 22:43:13.921 INFO [main] org.apache.catalina.startup.HostConfig.deployDirectory Deployment of web application directory [C:\Users\anike\Downloads\AJL\Experiment 6\apache-tomcat-11.0.25\webapps\host-manager] has finished in [64] ms
22-Sep-2026 22:43:13.921 INFO [main] org.apache.catalina.startup.HostConfig.deployDirectory Deploying web application directory [C:\Users\anike\Downloads\AJL\Experiment 6\apache-tomcat-11.0.25\webapps\manager]
22-Sep-2026 22:43:13.980 INFO [main] org.apache.catalina.startup.HostConfig.deployDirectory Deployment of web application directory [C:\Users\anike\Downloads\AJL\Experiment 6\apache-tomcat-11.0.25\webapps\manager] has finished in [59] ms
22-Sep-2026 22:43:13.980 INFO [main] org.apache.catalina.startup.HostConfig.deployDirectory Deploying web application directory [C:\Users\anike\Downloads\AJL\Experiment 6\apache-tomcat-11.0.25\webapps\mywebapp]
22-Sep-2026 22:43:14.003 INFO [main] org.apache.catalina.startup.HostConfig.deployDirectory Deployment of web application directory [C:\Users\anike\Downloads\AJL\Experiment 6\apache-tomcat-11.0.25\webapps\mywebapp] has finished in [23] ms
22-Sep-2026 22:43:14.004 INFO [main] org.apache.catalina.startup.HostConfig.deployDirectory Deploying web application directory [C:\Users\anike\Downloads\AJL\Experiment 6\apache-tomcat-11.0.25\webapps\ROOT]
22-Sep-2026 22:43:14.044 INFO [main] org.apache.catalina.startup.HostConfig.deployDirectory Deployment of web application directory [C:\Users\anike\Downloads\AJL\Experiment 6\apache-tomcat-11.0.25\webapps\ROOT] has finished in [40] ms
22-Sep-2026 22:43:14.045 INFO [main] org.apache.catalina.startup.HostConfig.deployDirectory Deploying web application directory [C:\Users\anike\Downloads\AJL\Experiment 6\apache-tomcat-11.0.25\webapps\servlet]
22-Sep-2026 22:43:14.072 INFO [main] org.apache.catalina.startup.HostConfig.deployDirectory Deployment of web application directory [C:\Users\anike\Downloads\AJL\Experiment 6\apache-tomcat-11.0.25\webapps\servlet] has finished in [26] ms
22-Sep-2026 22:43:14.072 INFO [main] org.apache.catalina.startup.HostConfig.deployDirectory Deploying web application directory [C:\Users\anike\Downloads\AJL\Experiment 6\apache-tomcat-11.0.25\webapps\studentform]
22-Sep-2026 22:43:14.093 INFO [main] org.apache.catalina.startup.HostConfig.deployDirectory Deployment of web application directory [C:\Users\anike\Downloads\AJL\Experiment 6\apache-tomcat-11.0.25\webapps\studentform] has finished in [21] ms
22-Sep-2026 22:43:14.097 INFO [main] org.apache.coyote.AbstractProtocol.start Starting ProtocolHandler ["http-nio-8080"]
22-Sep-2026 22:43:14.127 INFO [main] org.apache.catalina.startup.Catalina.start Server startup in [2197] milliseconds
22-Sep-2026 22:44:44.235 INFO [Catalina-utility-2] org.apache.catalina.startup.HostConfig.undeploy Undeploying context [/servlet]
22-Sep-2026 22:44:44.260 INFO [Catalina-utility-2] org.apache.catalina.startup.HostConfig.deployWAR Deploying web application archive [C:\Users\anike\Downloads\AJL\Experiment 6\apache-tomcat-11.0.25\webapps\servlet.war]
22-Sep-2026 22:44:44.423 INFO [Catalina-utility-2] org.apache.catalina.startup.HostConfig.deployWAR Deployment of web application archive [C:\Users\anike\Downloads\AJL\Experiment 6\apache-tomcat-11.0.25\webapps\servlet.war] has finished in [163] ms
